// Jest Snapshot v1, https://goo.gl/fbAQLP

exports[`computeCartesianTicks() from band scale should compute ticks for x axis 1`] = `
{
  "textAlign": "middle",
  "textBaseline": "text-before-edge",
  "ticks": [
    {
      "key": "I",
      "lineX": 0,
      "lineY": 10,
      "textX": 0,
      "textY": 15,
      "value": "I",
      "x": 50,
      "y": 0,
    },
    {
      "key": "J",
      "lineX": 0,
      "lineY": 10,
      "textX": 0,
      "textY": 15,
      "value": "J",
      "x": 150,
      "y": 0,
    },
    {
      "key": "K",
      "lineX": 0,
      "lineY": 10,
      "textX": 0,
      "textY": 15,
      "value": "K",
      "x": 250,
      "y": 0,
    },
    {
      "key": "L",
      "lineX": 0,
      "lineY": 10,
      "textX": 0,
      "textY": 15,
      "value": "L",
      "x": 350,
      "y": 0,
    },
  ],
}
`;

exports[`computeCartesianTicks() from band scale should compute ticks for y axis 1`] = `
{
  "textAlign": "start",
  "textBaseline": "central",
  "ticks": [
    {
      "key": "I",
      "lineX": 10,
      "lineY": 0,
      "textX": 15,
      "textY": 0,
      "value": "I",
      "x": 0,
      "y": 50,
    },
    {
      "key": "J",
      "lineX": 10,
      "lineY": 0,
      "textX": 15,
      "textY": 0,
      "value": "J",
      "x": 0,
      "y": 150,
    },
    {
      "key": "K",
      "lineX": 10,
      "lineY": 0,
      "textX": 15,
      "textY": 0,
      "value": "K",
      "x": 0,
      "y": 250,
    },
    {
      "key": "L",
      "lineX": 10,
      "lineY": 0,
      "textX": 15,
      "textY": 0,
      "value": "L",
      "x": 0,
      "y": 350,
    },
  ],
}
`;

exports[`computeCartesianTicks() from linear scale should compute ticks for x axis 1`] = `
{
  "textAlign": "middle",
  "textBaseline": "text-before-edge",
  "ticks": [
    {
      "key": "0",
      "lineX": 0,
      "lineY": 10,
      "textX": 0,
      "textY": 15,
      "value": 0,
      "x": 0,
      "y": 0,
    },
    {
      "key": "50",
      "lineX": 0,
      "lineY": 10,
      "textX": 0,
      "textY": 15,
      "value": 50,
      "x": 10,
      "y": 0,
    },
    {
      "key": "100",
      "lineX": 0,
      "lineY": 10,
      "textX": 0,
      "textY": 15,
      "value": 100,
      "x": 20,
      "y": 0,
    },
    {
      "key": "150",
      "lineX": 0,
      "lineY": 10,
      "textX": 0,
      "textY": 15,
      "value": 150,
      "x": 30,
      "y": 0,
    },
    {
      "key": "200",
      "lineX": 0,
      "lineY": 10,
      "textX": 0,
      "textY": 15,
      "value": 200,
      "x": 40,
      "y": 0,
    },
    {
      "key": "250",
      "lineX": 0,
      "lineY": 10,
      "textX": 0,
      "textY": 15,
      "value": 250,
      "x": 50,
      "y": 0,
    },
    {
      "key": "300",
      "lineX": 0,
      "lineY": 10,
      "textX": 0,
      "textY": 15,
      "value": 300,
      "x": 60,
      "y": 0,
    },
    {
      "key": "350",
      "lineX": 0,
      "lineY": 10,
      "textX": 0,
      "textY": 15,
      "value": 350,
      "x": 70,
      "y": 0,
    },
    {
      "key": "400",
      "lineX": 0,
      "lineY": 10,
      "textX": 0,
      "textY": 15,
      "value": 400,
      "x": 80,
      "y": 0,
    },
    {
      "key": "450",
      "lineX": 0,
      "lineY": 10,
      "textX": 0,
      "textY": 15,
      "value": 450,
      "x": 90,
      "y": 0,
    },
    {
      "key": "500",
      "lineX": 0,
      "lineY": 10,
      "textX": 0,
      "textY": 15,
      "value": 500,
      "x": 100,
      "y": 0,
    },
  ],
}
`;

exports[`computeCartesianTicks() from linear scale should compute ticks for y axis 1`] = `
{
  "textAlign": "start",
  "textBaseline": "central",
  "ticks": [
    {
      "key": "0",
      "lineX": 10,
      "lineY": 0,
      "textX": 15,
      "textY": 0,
      "value": 0,
      "x": 0,
      "y": 0,
    },
    {
      "key": "50",
      "lineX": 10,
      "lineY": 0,
      "textX": 15,
      "textY": 0,
      "value": 50,
      "x": 0,
      "y": 10,
    },
    {
      "key": "100",
      "lineX": 10,
      "lineY": 0,
      "textX": 15,
      "textY": 0,
      "value": 100,
      "x": 0,
      "y": 20,
    },
    {
      "key": "150",
      "lineX": 10,
      "lineY": 0,
      "textX": 15,
      "textY": 0,
      "value": 150,
      "x": 0,
      "y": 30,
    },
    {
      "key": "200",
      "lineX": 10,
      "lineY": 0,
      "textX": 15,
      "textY": 0,
      "value": 200,
      "x": 0,
      "y": 40,
    },
    {
      "key": "250",
      "lineX": 10,
      "lineY": 0,
      "textX": 15,
      "textY": 0,
      "value": 250,
      "x": 0,
      "y": 50,
    },
    {
      "key": "300",
      "lineX": 10,
      "lineY": 0,
      "textX": 15,
      "textY": 0,
      "value": 300,
      "x": 0,
      "y": 60,
    },
    {
      "key": "350",
      "lineX": 10,
      "lineY": 0,
      "textX": 15,
      "textY": 0,
      "value": 350,
      "x": 0,
      "y": 70,
    },
    {
      "key": "400",
      "lineX": 10,
      "lineY": 0,
      "textX": 15,
      "textY": 0,
      "value": 400,
      "x": 0,
      "y": 80,
    },
    {
      "key": "450",
      "lineX": 10,
      "lineY": 0,
      "textX": 15,
      "textY": 0,
      "value": 450,
      "x": 0,
      "y": 90,
    },
    {
      "key": "500",
      "lineX": 10,
      "lineY": 0,
      "textX": 15,
      "textY": 0,
      "value": 500,
      "x": 0,
      "y": 100,
    },
  ],
}
`;

exports[`computeCartesianTicks() from ordinal scale should compute ticks for x axis 1`] = `
{
  "textAlign": "middle",
  "textBaseline": "text-before-edge",
  "ticks": [
    {
      "key": "A",
      "lineX": 0,
      "lineY": 10,
      "textX": 0,
      "textY": 15,
      "value": "A",
      "x": 0,
      "y": 0,
    },
    {
      "key": "B",
      "lineX": 0,
      "lineY": 10,
      "textX": 0,
      "textY": 15,
      "value": "B",
      "x": 10,
      "y": 0,
    },
    {
      "key": "C",
      "lineX": 0,
      "lineY": 10,
      "textX": 0,
      "textY": 15,
      "value": "C",
      "x": 20,
      "y": 0,
    },
    {
      "key": "D",
      "lineX": 0,
      "lineY": 10,
      "textX": 0,
      "textY": 15,
      "value": "D",
      "x": 30,
      "y": 0,
    },
  ],
}
`;

exports[`computeCartesianTicks() from ordinal scale should compute ticks for y axis 1`] = `
{
  "textAlign": "start",
  "textBaseline": "central",
  "ticks": [
    {
      "key": "A",
      "lineX": 10,
      "lineY": 0,
      "textX": 15,
      "textY": 0,
      "value": "A",
      "x": 0,
      "y": 0,
    },
    {
      "key": "B",
      "lineX": 10,
      "lineY": 0,
      "textX": 15,
      "textY": 0,
      "value": "B",
      "x": 0,
      "y": 10,
    },
    {
      "key": "C",
      "lineX": 10,
      "lineY": 0,
      "textX": 15,
      "textY": 0,
      "value": "C",
      "x": 0,
      "y": 20,
    },
    {
      "key": "D",
      "lineX": 10,
      "lineY": 0,
      "textX": 15,
      "textY": 0,
      "value": "D",
      "x": 0,
      "y": 30,
    },
  ],
}
`;

exports[`computeCartesianTicks() from point scale should compute ticks for x axis 1`] = `
{
  "textAlign": "middle",
  "textBaseline": "text-before-edge",
  "ticks": [
    {
      "key": "E",
      "lineX": 0,
      "lineY": 10,
      "textX": 0,
      "textY": 15,
      "value": "E",
      "x": 0,
      "y": 0,
    },
    {
      "key": "F",
      "lineX": 0,
      "lineY": 10,
      "textX": 0,
      "textY": 15,
      "value": "F",
      "x": 100,
      "y": 0,
    },
    {
      "key": "G",
      "lineX": 0,
      "lineY": 10,
      "textX": 0,
      "textY": 15,
      "value": "G",
      "x": 200,
      "y": 0,
    },
    {
      "key": "H",
      "lineX": 0,
      "lineY": 10,
      "textX": 0,
      "textY": 15,
      "value": "H",
      "x": 300,
      "y": 0,
    },
  ],
}
`;

exports[`computeCartesianTicks() from point scale should compute ticks for y axis 1`] = `
{
  "textAlign": "start",
  "textBaseline": "central",
  "ticks": [
    {
      "key": "E",
      "lineX": 10,
      "lineY": 0,
      "textX": 15,
      "textY": 0,
      "value": "E",
      "x": 0,
      "y": 0,
    },
    {
      "key": "F",
      "lineX": 10,
      "lineY": 0,
      "textX": 15,
      "textY": 0,
      "value": "F",
      "x": 0,
      "y": 100,
    },
    {
      "key": "G",
      "lineX": 10,
      "lineY": 0,
      "textX": 15,
      "textY": 0,
      "value": "G",
      "x": 0,
      "y": 200,
    },
    {
      "key": "H",
      "lineX": 10,
      "lineY": 0,
      "textX": 15,
      "textY": 0,
      "value": "H",
      "x": 0,
      "y": 300,
    },
  ],
}
`;
